
> kylrix-note@0.1.0 build /home/nathfavour/code/kylrix/note
> next build

   ▲ Next.js 15.4.10
   - Environments: .env
   - Experiments (use with caution):
     ✓ reactCompiler
     · optimizePackageImports

   Creating an optimized production build ...
 ⚠ Compiled with warnings in 9.0s

./src/components/overlays/SudoModal.tsx
Attempted import error: 'AppwriteService' is not exported from '@/lib/appwrite' (imported as 'AppwriteService').

Import trace for requested module:
./src/components/overlays/SudoModal.tsx
./src/contexts/SudoContext.tsx
./src/components/Providers.tsx

./src/components/overlays/SudoModal.tsx
Attempted import error: 'AppwriteService' is not exported from '@/lib/appwrite' (imported as 'AppwriteService').

Import trace for requested module:
./src/components/overlays/SudoModal.tsx
./src/contexts/SudoContext.tsx
./src/components/Providers.tsx

 ⚠ Compiled with warnings in 6.0s

./src/components/overlays/SudoModal.tsx
Attempted import error: 'AppwriteService' is not exported from '@/lib/appwrite' (imported as 'AppwriteService').

Import trace for requested module:
./src/components/overlays/SudoModal.tsx
./src/contexts/SudoContext.tsx
./src/components/Providers.tsx

./src/components/overlays/SudoModal.tsx
Attempted import error: 'AppwriteService' is not exported from '@/lib/appwrite' (imported as 'AppwriteService').

Import trace for requested module:
./src/components/overlays/SudoModal.tsx
./src/contexts/SudoContext.tsx
./src/components/Providers.tsx

 ✓ Compiled successfully in 16.0s
   Skipping validation of types
   Skipping linting
   Collecting page data ...
 ⚠ Using edge runtime on a page currently disables static generation for that page
